<?xml version="1.0" encoding="UTF-8"?>
<testsuite name="rosplus" tests="4" failures="0">
  <testcase name="python3 -m unittest discover -s tests -v" time="0.743708377">
    <system-out>test_output_recursion_rejected (test_migration_conservative.MigrationTests.test_output_recursion_rejected) ... ok&#xA;test_preserves_publisher_and_callback_body (test_migration_conservative.MigrationTests.test_preserves_publisher_and_callback_body) ... ok&#xA;test_unsupported_never_claims_success (test_migration_conservative.MigrationTests.test_unsupported_never_claims_success) ... ok&#xA;test_validation_scaffold_fails_not_passes (test_migration_conservative.MigrationTests.test_validation_scaffold_fails_not_passes) ... ok&#xA;test_simple_talker_migration (test_rosplus.MigrationTests.test_simple_talker_migration) ... ok&#xA;test_estop_after_heartbeat_loss (test_rosplus.SafetyTests.test_estop_after_heartbeat_loss) ... ok&#xA;test_build_and_legacy_supervision (test_rosplus.WorkspaceTests.test_build_and_legacy_supervision) ... ok&#xA;test_duplicate_name_rejected (test_rosplus.WorkspaceTests.test_duplicate_name_rejected) ... ok&#xA;test_workspace_boundary_and_template (test_rosplus.WorkspaceTests.test_workspace_boundary_and_template) ... ok&#xA;test_bad_health_trips_immediately (test_safety_process.SafetyProcessTests.test_bad_health_trips_immediately) ... ok&#xA;test_separate_process_latches_timeout (test_safety_process.SafetyProcessTests.test_separate_process_latches_timeout) ... ok&#xA;&#xA;----------------------------------------------------------------------&#xA;Ran 11 tests in 0.700s&#xA;&#xA;OK&#xA;</system-out>
  </testcase>
  <testcase name="cargo test --manifest-path crates/Cargo.toml" time="0.180022381">
    <system-out>   Compiling rosplus_core v0.2.0 (/home/kay-chin-alienware/Documents/Codex/2026-09-14/we-x20/outputs/rosplus/crates/rosplus_core)&#xA;    Finished `test` profile [unoptimized + debuginfo] target(s) in 0.09s&#xA;     Running unittests src/lib.rs (crates/target/debug/deps/rosplus_core-c0e76908a96d45e3)&#xA;&#xA;running 2 tests&#xA;test pool::tests::lease_lifetime_and_exhaustion ... ok&#xA;test executor::tests::budgets_disable_after_three ... ok&#xA;&#xA;test result: ok. 2 passed; 0 failed; 0 ignored; 0 measured; 0 filtered out; finished in 0.01s&#xA;&#xA;     Running unittests src/main.rs (crates/target/debug/deps/rosplus_runtime-2d36989a19e82ea7)&#xA;&#xA;running 0 tests&#xA;&#xA;test result: ok. 0 passed; 0 failed; 0 ignored; 0 measured; 0 filtered out; finished in 0.00s&#xA;&#xA;     Running unittests src/lib.rs (crates/target/debug/deps/rosplus_macros-0ff6774cc3846e54)&#xA;&#xA;running 0 tests&#xA;&#xA;test result: ok. 0 passed; 0 failed; 0 ignored; 0 measured; 0 filtered out; finished in 0.00s&#xA;&#xA;     Running unittests src/main.rs (crates/target/debug/deps/rosplus_safety-52c9ad23e862c6b1)&#xA;&#xA;running 1 test&#xA;test tests::rotation_retains_recent_files ... ok&#xA;&#xA;test result: ok. 1 passed; 0 failed; 0 ignored; 0 measured; 0 filtered out; finished in 0.00s&#xA;&#xA;   Doc-tests rosplus_core&#xA;&#xA;running 0 tests&#xA;&#xA;test result: ok. 0 passed; 0 failed; 0 ignored; 0 measured; 0 filtered out; finished in 0.00s&#xA;&#xA;   Doc-tests rosplus_macros&#xA;&#xA;running 3 tests&#xA;test rosplus_macros/src/lib.rs - (line 21) - compile fail ... ok&#xA;test rosplus_macros/src/lib.rs - (line 14) - compile fail ... ok&#xA;test rosplus_macros/src/lib.rs - (line 6) ... ok&#xA;&#xA;test result: ok. 3 passed; 0 failed; 0 ignored; 0 measured; 0 filtered out; finished in 0.03s&#xA;&#xA;</system-out>
  </testcase>
  <testcase name="go test -race ./..." time="1.857201752">
    <system-out>ok  &#x9;rosplus.local/control/cmd/turbo&#x9;1.018s&#xA;ok  &#x9;rosplus.local/control/migration&#x9;(cached)&#xA;ok  &#x9;rosplus.local/control/server&#x9;1.581s&#xA;</system-out>
  </testcase>
  <testcase name="npm run build" time="5.67790772">
    <system-out>&#xA;&gt; rosplus-webide@0.2.0 build&#xA;&gt; tsc &amp;&amp; vite build&#xA;&#xA;vite v7.3.6 building client environment for production...&#xA;transforming...&#xA;node_modules/@xyflow/react/dist/esm/index.js (1:0): Module level directives cause errors when bundled, &#34;use client&#34; in &#34;node_modules/@xyflow/react/dist/esm/index.js&#34; was ignored.&#xA;✓ 1250 modules transformed.&#xA;rendering chunks...&#xA;computing gzip size...&#xA;dist/index.html                               0.36 kB │ gzip:   0.27 kB&#xA;dist/assets/codicon-DCmgc-ay.ttf             80.34 kB&#xA;dist/assets/editor.worker-B4pQIWZD.js       231.35 kB&#xA;dist/assets/index-DYBBVIWl.css              153.20 kB │ gzip:  24.75 kB&#xA;dist/assets/azcli-1IWB1ccx.js                 0.71 kB │ gzip:   0.28 kB&#xA;dist/assets/javascript-AgNZ8x91.js            0.80 kB │ gzip:   0.44 kB&#xA;dist/assets/ini-BvajGCUy.js                   0.96 kB │ gzip:   0.49 kB&#xA;dist/assets/csp-C46ZqvIl.js                   1.28 kB │ gzip:   0.49 kB&#xA;dist/assets/pla-CjnFlu4u.js                   1.54 kB │ gzip:   0.60 kB&#xA;dist/assets/scheme-Dhb-2j9p.js                1.63 kB │ gzip:   0.78 kB&#xA;dist/assets/flow9-Cac8vKd7.js                 1.67 kB │ gzip:   0.81 kB&#xA;dist/assets/sb-BYAiYHFx.js                    1.69 kB │ gzip:   0.78 kB&#xA;dist/assets/bat-DPkNLes8.js                   1.71 kB │ gzip:   0.83 kB&#xA;dist/assets/dockerfile-DLk6rpji.js            1.73 kB │ gzip:   0.63 kB&#xA;dist/assets/pascaligo-5jv8CcQD.js             1.86 kB │ gzip:   0.87 kB&#xA;dist/assets/lua-D28Ae8-K.js                   1.98 kB │ gzip:   0.89 kB&#xA;dist/assets/cameligo-CGrWLZr3.js              2.05 kB │ gzip:   0.92 kB&#xA;dist/assets/graphql-LQdxqEYJ.js               2.12 kB │ gzip:   0.99 kB&#xA;dist/assets/objective-c-B1aVtJYH.js           2.26 kB │ gzip:   1.02 kB&#xA;dist/assets/xml-BN6kmGcx.js                   2.29 kB │ gzip:   0.92 kB&#xA;dist/assets/lexon-Canl7DCW.js                 2.30 kB │ gzip:   0.88 kB&#xA;dist/assets/bicep-Corcdgou.js                 2.40 kB │ gzip:   0.93 kB&#xA;dist/assets/sparql-KEyrF7De.js                2.41 kB │ gzip:   1.12 kB&#xA;dist/assets/mips-CdjsipkG.js                  2.44 kB │ gzip:   1.03 kB&#xA;dist/assets/go-O9LJTZXk.js                    2.52 kB │ gzip:   1.11 kB&#xA;dist/assets/sophia-RYC1BQQz.js                2.62 kB │ gzip:   1.17 kB&#xA;dist/assets/typespec-CzxlYoT_.js              2.66 kB │ gzip:   1.05 kB&#xA;dist/assets/m3-DPitgjJI.js                    2.68 kB │ gzip:   1.28 kB&#xA;dist/assets/fsharp-fd1GTHhf.js                2.84 kB │ gzip:   1.28 kB&#xA;dist/assets/pascal-BhNW15KB.js                2.86 kB │ gzip:   1.35 kB&#xA;dist/assets/shell-CsDZo4DB.js                 2.93 kB │ gzip:   1.16 kB&#xA;dist/assets/r-BIFz-_sK.js                     2.99 kB │ gzip:   1.24 kB&#xA;dist/assets/qsharp-q7JyzKFN.js                3.05 kB │ gzip:   1.37 kB&#xA;dist/assets/java-SYsfObOQ.js                  3.08 kB │ gzip:   1.36 kB&#xA;dist/assets/powershell-Bu_VLpJB.js            3.13 kB │ gzip:   1.34 kB&#xA;dist/assets/cypher-D84EuPTj.js                3.25 kB │ gzip:   1.40 kB&#xA;dist/assets/kotlin-qQ0MG-9I.js                3.30 kB │ gzip:   1.44 kB&#xA;dist/assets/redis-CHOsPHWR.js                 3.42 kB │ gzip:   1.44 kB&#xA;dist/assets/tcl-PloMZuKG.js                   3.43 kB │ gzip:   1.33 kB&#xA;dist/assets/coffee-B7EJu28W.js                3.45 kB │ gzip:   1.26 kB&#xA;dist/assets/hcl-DxDQ3s82.js                   3.45 kB │ gzip:   1.45 kB&#xA;dist/assets/markdown-B811l8j2.js              3.65 kB │ gzip:   1.35 kB&#xA;dist/assets/restructuredtext-CghPJEOS.js      3.75 kB │ gzip:   1.33 kB&#xA;dist/assets/less-GGFNNJHn.js                  3.76 kB │ gzip:   1.38 kB&#xA;dist/assets/apex-DnsZk_dE.js                  3.81 kB │ gzip:   1.73 kB&#xA;dist/assets/liquid-DFyeaCYH.js                3.83 kB │ gzip:   1.61 kB&#xA;dist/assets/yaml-s52CA9ZJ.js                  3.89 kB │ gzip:   1.48 kB&#xA;dist/assets/rust-DMDD0SHb.js                  4.02 kB │ gzip:   1.79 kB&#xA;dist/assets/python-CvpGfMYT.js                4.07 kB │ gzip:   1.64 kB&#xA;dist/assets/dart-D8lhlL1r.js                  4.11 kB │ gzip:   1.61 kB&#xA;dist/assets/css-DQU6DXDx.js                   4.37 kB │ gzip:   1.34 kB&#xA;dist/assets/csharp-BoL64M5l.js                4.38 kB │ gzip:   1.69 kB&#xA;dist/assets/pug-kFxLfcjb.js                   4.69 kB │ gzip:   1.61 kB&#xA;dist/assets/mdx-_KyqTGaV.js                   4.74 kB │ gzip:   1.40 kB&#xA;dist/assets/msdax-CYqgjx_P.js                 4.77 kB │ gzip:   1.90 kB&#xA;dist/assets/swift-D7IUmUK8.js                 4.77 kB │ gzip:   2.00 kB&#xA;dist/assets/html-kUNEwS1d.js                  4.89 kB │ gzip:   1.35 kB&#xA;dist/assets/cpp-SEyurbux.js                   5.16 kB │ gzip:   2.05 kB&#xA;dist/assets/ecl-BO6FnfXk.js                   5.20 kB │ gzip:   2.19 kB&#xA;dist/assets/typescript-DKFa6Ln4.js            5.28 kB │ gzip:   2.13 kB&#xA;dist/assets/vb-BwAE3J76.js                    5.65 kB │ gzip:   2.02 kB&#xA;dist/assets/twig-BfRIq3la.js                  5.83 kB │ gzip:   1.48 kB&#xA;dist/assets/scss-CTwUZ5N7.js                  6.27 kB │ gzip:   1.71 kB&#xA;dist/assets/handlebars-MSfG4q2t.js            6.65 kB │ gzip:   1.57 kB&#xA;dist/assets/julia-DQXNmw_w.js                 7.01 kB │ gzip:   2.62 kB&#xA;dist/assets/scala-Bqvq8jcR.js                 7.18 kB │ gzip:   2.06 kB&#xA;dist/assets/wgsl-B_1kOXbF.js                  7.21 kB │ gzip:   2.72 kB&#xA;dist/assets/st-C7iG7M4S.js                    7.26 kB │ gzip:   2.21 kB&#xA;dist/assets/systemverilog-DgMryOEJ.js         7.46 kB │ gzip:   2.72 kB&#xA;dist/assets/postiats-CQpG440k.js              7.72 kB │ gzip:   2.40 kB&#xA;dist/assets/php-120yhfDK.js                   7.89 kB │ gzip:   2.04 kB&#xA;dist/assets/perl-DlYyT36c.js                  8.12 kB │ gzip:   3.10 kB&#xA;dist/assets/ruby-CYWGW-b1.js                  8.36 kB │ gzip:   2.54 kB&#xA;dist/assets/razor-D7Ys7G3J.js                 8.65 kB │ gzip:   2.25 kB&#xA;dist/assets/protobuf-IBS6jZEB.js              8.91 kB │ gzip:   2.04 kB&#xA;dist/assets/clojure-D9WOWImG.js               9.50 kB │ gzip:   3.57 kB&#xA;dist/assets/elixir-BRjLKONM.js               10.12 kB │ gzip:   2.50 kB&#xA;dist/assets/sql-BdTr02Mf.js                  10.16 kB │ gzip:   3.79 kB&#xA;dist/assets/mysql-BHd6q0vd.js                11.13 kB │ gzip:   4.01 kB&#xA;dist/assets/redshift-CBifECDb.js             11.66 kB │ gzip:   4.30 kB&#xA;dist/assets/pgsql-Dy0bjov7.js                13.32 kB │ gzip:   4.46 kB&#xA;dist/assets/abap-CRCWOmpq.js                 14.02 kB │ gzip:   5.27 kB&#xA;dist/assets/freemarker2-8eazqhwi.js          15.97 kB │ gzip:   4.11 kB&#xA;dist/assets/powerquery-DdJtto1Z.js           16.80 kB │ gzip:   4.81 kB&#xA;dist/assets/solidity-CME5AdoB.js             18.46 kB │ gzip:   4.41 kB&#xA;dist/assets/tsMode-ByOBnYbD.js               22.44 kB │ gzip:   6.31 kB&#xA;dist/assets/cssMode-CAw12W_h.js              31.98 kB │ gzip:   8.60 kB&#xA;dist/assets/htmlMode-uoS5pnXH.js             32.53 kB │ gzip:   8.72 kB&#xA;dist/assets/jsonMode-jZNYtboE.js             41.39 kB │ gzip:  11.94 kB&#xA;dist/assets/index-B_Ceo0bR.js             3,741.67 kB │ gzip: 987.74 kB&#xA;&#xA;(!) Some chunks are larger than 500 kB after minification. Consider:&#xA;- Using dynamic import() to code-split the application&#xA;- Use build.rollupOptions.output.manualChunks to improve chunking: https://rollupjs.org/configuration-options/#output-manualchunks&#xA;- Adjust chunk size limit for this warning via build.chunkSizeWarningLimit.&#xA;✓ built in 4.88s&#xA;</system-out>
  </testcase>
</testsuite>